------------------------------------------------------------
Timing Analyzer Summary
------------------------------------------------------------

Type  : Slow 1200mV 85C Model Setup 'ip_pll0|altpll_component|auto_generated|pll1|clk[1]'
Slack : -21.998
TNS   : -755.373

Type  : Slow 1200mV 85C Model Setup 'ip_pll0|altpll_component|auto_generated|pll1|clk[0]'
Slack : -2.003
TNS   : -192.166

Type  : Slow 1200mV 85C Model Hold 'ip_pll0|altpll_component|auto_generated|pll1|clk[0]'
Slack : 0.434
TNS   : 0.000

Type  : Slow 1200mV 85C Model Hold 'ip_pll0|altpll_component|auto_generated|pll1|clk[1]'
Slack : 0.453
TNS   : 0.000

Type  : Slow 1200mV 85C Model Minimum Pulse Width 'ip_pll0|altpll_component|auto_generated|pll1|clk[0]'
Slack : 19.620
TNS   : 0.000

Type  : Slow 1200mV 85C Model Minimum Pulse Width 'clk'
Slack : 41.588
TNS   : 0.000

Type  : Slow 1200mV 85C Model Minimum Pulse Width 'ip_pll0|altpll_component|auto_generated|pll1|clk[1]'
Slack : 49.473
TNS   : 0.000

Type  : Slow 1200mV 0C Model Setup 'ip_pll0|altpll_component|auto_generated|pll1|clk[1]'
Slack : -19.827
TNS   : -674.408

Type  : Slow 1200mV 0C Model Setup 'ip_pll0|altpll_component|auto_generated|pll1|clk[0]'
Slack : -0.841
TNS   : -19.042

Type  : Slow 1200mV 0C Model Hold 'ip_pll0|altpll_component|auto_generated|pll1|clk[0]'
Slack : 0.383
TNS   : 0.000

Type  : Slow 1200mV 0C Model Hold 'ip_pll0|altpll_component|auto_generated|pll1|clk[1]'
Slack : 0.401
TNS   : 0.000

Type  : Slow 1200mV 0C Model Minimum Pulse Width 'ip_pll0|altpll_component|auto_generated|pll1|clk[0]'
Slack : 19.608
TNS   : 0.000

Type  : Slow 1200mV 0C Model Minimum Pulse Width 'clk'
Slack : 41.600
TNS   : 0.000

Type  : Slow 1200mV 0C Model Minimum Pulse Width 'ip_pll0|altpll_component|auto_generated|pll1|clk[1]'
Slack : 49.494
TNS   : 0.000

Type  : Fast 1200mV 0C Model Setup 'ip_pll0|altpll_component|auto_generated|pll1|clk[1]'
Slack : 0.614
TNS   : 0.000

Type  : Fast 1200mV 0C Model Setup 'ip_pll0|altpll_component|auto_generated|pll1|clk[0]'
Slack : 10.324
TNS   : 0.000

Type  : Fast 1200mV 0C Model Hold 'ip_pll0|altpll_component|auto_generated|pll1|clk[0]'
Slack : 0.179
TNS   : 0.000

Type  : Fast 1200mV 0C Model Hold 'ip_pll0|altpll_component|auto_generated|pll1|clk[1]'
Slack : 0.186
TNS   : 0.000

Type  : Fast 1200mV 0C Model Minimum Pulse Width 'ip_pll0|altpll_component|auto_generated|pll1|clk[0]'
Slack : 19.715
TNS   : 0.000

Type  : Fast 1200mV 0C Model Minimum Pulse Width 'clk'
Slack : 41.251
TNS   : 0.000

Type  : Fast 1200mV 0C Model Minimum Pulse Width 'ip_pll0|altpll_component|auto_generated|pll1|clk[1]'
Slack : 49.754
TNS   : 0.000

------------------------------------------------------------
