------------------------------------------------------------
Timing Analyzer Summary
------------------------------------------------------------

Type  : Slow 1200mV 85C Model Setup 'ip_pll0|altpll_component|auto_generated|pll1|clk[1]'
Slack : 13.559
TNS   : 0.000

Type  : Slow 1200mV 85C Model Setup 'ip_pll0|altpll_component|auto_generated|pll1|clk[0]'
Slack : 20.921
TNS   : 0.000

Type  : Slow 1200mV 85C Model Hold 'ip_pll0|altpll_component|auto_generated|pll1|clk[1]'
Slack : 0.453
TNS   : 0.000

Type  : Slow 1200mV 85C Model Hold 'ip_pll0|altpll_component|auto_generated|pll1|clk[0]'
Slack : 0.454
TNS   : 0.000

Type  : Slow 1200mV 85C Model Minimum Pulse Width 'ip_pll0|altpll_component|auto_generated|pll1|clk[0]'
Slack : 24.651
TNS   : 0.000

Type  : Slow 1200mV 85C Model Minimum Pulse Width 'clk'
Slack : 41.588
TNS   : 0.000

Type  : Slow 1200mV 85C Model Minimum Pulse Width 'ip_pll0|altpll_component|auto_generated|pll1|clk[1]'
Slack : 49.474
TNS   : 0.000

Type  : Slow 1200mV 0C Model Setup 'ip_pll0|altpll_component|auto_generated|pll1|clk[1]'
Slack : 15.859
TNS   : 0.000

Type  : Slow 1200mV 0C Model Setup 'ip_pll0|altpll_component|auto_generated|pll1|clk[0]'
Slack : 22.342
TNS   : 0.000

Type  : Slow 1200mV 0C Model Hold 'ip_pll0|altpll_component|auto_generated|pll1|clk[0]'
Slack : 0.402
TNS   : 0.000

Type  : Slow 1200mV 0C Model Hold 'ip_pll0|altpll_component|auto_generated|pll1|clk[1]'
Slack : 0.402
TNS   : 0.000

Type  : Slow 1200mV 0C Model Minimum Pulse Width 'ip_pll0|altpll_component|auto_generated|pll1|clk[0]'
Slack : 24.656
TNS   : 0.000

Type  : Slow 1200mV 0C Model Minimum Pulse Width 'clk'
Slack : 41.600
TNS   : 0.000

Type  : Slow 1200mV 0C Model Minimum Pulse Width 'ip_pll0|altpll_component|auto_generated|pll1|clk[1]'
Slack : 49.495
TNS   : 0.000

Type  : Fast 1200mV 0C Model Setup 'ip_pll0|altpll_component|auto_generated|pll1|clk[1]'
Slack : 33.905
TNS   : 0.000

Type  : Fast 1200mV 0C Model Setup 'ip_pll0|altpll_component|auto_generated|pll1|clk[0]'
Slack : 37.080
TNS   : 0.000

Type  : Fast 1200mV 0C Model Hold 'ip_pll0|altpll_component|auto_generated|pll1|clk[0]'
Slack : 0.187
TNS   : 0.000

Type  : Fast 1200mV 0C Model Hold 'ip_pll0|altpll_component|auto_generated|pll1|clk[1]'
Slack : 0.187
TNS   : 0.000

Type  : Fast 1200mV 0C Model Minimum Pulse Width 'ip_pll0|altpll_component|auto_generated|pll1|clk[0]'
Slack : 24.717
TNS   : 0.000

Type  : Fast 1200mV 0C Model Minimum Pulse Width 'clk'
Slack : 41.251
TNS   : 0.000

Type  : Fast 1200mV 0C Model Minimum Pulse Width 'ip_pll0|altpll_component|auto_generated|pll1|clk[1]'
Slack : 49.757
TNS   : 0.000

------------------------------------------------------------
