------------------------------------------------------------
Timing Analyzer Summary
------------------------------------------------------------

Type  : Slow 1200mV 85C Model Setup 'ip_pll0|altpll_component|auto_generated|pll1|clk[1]'
Slack : -9.217
TNS   : -304.391

Type  : Slow 1200mV 85C Model Setup 'ip_pll0|altpll_component|auto_generated|pll1|clk[0]'
Slack : 0.171
TNS   : 0.000

Type  : Slow 1200mV 85C Model Hold 'ip_pll0|altpll_component|auto_generated|pll1|clk[1]'
Slack : 0.433
TNS   : 0.000

Type  : Slow 1200mV 85C Model Hold 'ip_pll0|altpll_component|auto_generated|pll1|clk[0]'
Slack : 0.453
TNS   : 0.000

Type  : Slow 1200mV 85C Model Minimum Pulse Width 'ip_pll0|altpll_component|auto_generated|pll1|clk[0]'
Slack : 19.617
TNS   : 0.000

Type  : Slow 1200mV 85C Model Minimum Pulse Width 'clk'
Slack : 41.588
TNS   : 0.000

Type  : Slow 1200mV 85C Model Minimum Pulse Width 'ip_pll0|altpll_component|auto_generated|pll1|clk[1]'
Slack : 49.472
TNS   : 0.000

Type  : Slow 1200mV 0C Model Setup 'ip_pll0|altpll_component|auto_generated|pll1|clk[1]'
Slack : -7.402
TNS   : -241.488

Type  : Slow 1200mV 0C Model Setup 'ip_pll0|altpll_component|auto_generated|pll1|clk[0]'
Slack : 1.333
TNS   : 0.000

Type  : Slow 1200mV 0C Model Hold 'ip_pll0|altpll_component|auto_generated|pll1|clk[1]'
Slack : 0.382
TNS   : 0.000

Type  : Slow 1200mV 0C Model Hold 'ip_pll0|altpll_component|auto_generated|pll1|clk[0]'
Slack : 0.401
TNS   : 0.000

Type  : Slow 1200mV 0C Model Minimum Pulse Width 'ip_pll0|altpll_component|auto_generated|pll1|clk[0]'
Slack : 19.605
TNS   : 0.000

Type  : Slow 1200mV 0C Model Minimum Pulse Width 'clk'
Slack : 41.600
TNS   : 0.000

Type  : Slow 1200mV 0C Model Minimum Pulse Width 'ip_pll0|altpll_component|auto_generated|pll1|clk[1]'
Slack : 49.490
TNS   : 0.000

Type  : Fast 1200mV 0C Model Setup 'ip_pll0|altpll_component|auto_generated|pll1|clk[1]'
Slack : 6.947
TNS   : 0.000

Type  : Fast 1200mV 0C Model Setup 'ip_pll0|altpll_component|auto_generated|pll1|clk[0]'
Slack : 11.345
TNS   : 0.000

Type  : Fast 1200mV 0C Model Hold 'ip_pll0|altpll_component|auto_generated|pll1|clk[1]'
Slack : 0.179
TNS   : 0.000

Type  : Fast 1200mV 0C Model Hold 'ip_pll0|altpll_component|auto_generated|pll1|clk[0]'
Slack : 0.186
TNS   : 0.000

Type  : Fast 1200mV 0C Model Minimum Pulse Width 'ip_pll0|altpll_component|auto_generated|pll1|clk[0]'
Slack : 19.716
TNS   : 0.000

Type  : Fast 1200mV 0C Model Minimum Pulse Width 'clk'
Slack : 41.251
TNS   : 0.000

Type  : Fast 1200mV 0C Model Minimum Pulse Width 'ip_pll0|altpll_component|auto_generated|pll1|clk[1]'
Slack : 49.752
TNS   : 0.000

------------------------------------------------------------
