
Memory Configuration

Name             Origin             Length             Attributes
ROM              0x0000000000010000 0x000000000000c000 xr
RAM              0x0000000080000000 0x0000000000800000 xrw
*default*        0x0000000000000000 0xffffffffffffffff

Linker script and memory map


.text           0x0000000000010000     0xa634
                0x0000000000010000                . = ALIGN (0x4)
 *(.text)
 .text          0x0000000000010000      0x1cc firmware/start.o
                0x00000000000100d0                sdram_ret
                0x00000000000100d4                lui_ret
                0x00000000000100d8                auipc_ret
                0x00000000000100dc                j_ret
                0x00000000000100e0                jal_ret
                0x00000000000100e4                jalr_ret
                0x00000000000100e8                beq_ret
                0x00000000000100ec                bne_ret
                0x00000000000100f0                blt_ret
                0x00000000000100f4                bge_ret
                0x00000000000100f8                bltu_ret
                0x00000000000100fc                bgeu_ret
                0x0000000000010100                lb_ret
                0x0000000000010104                lh_ret
                0x0000000000010108                lw_ret
                0x000000000001010c                lbu_ret
                0x0000000000010110                lhu_ret
                0x0000000000010114                sb_ret
                0x0000000000010118                sh_ret
                0x000000000001011c                sw_ret
                0x0000000000010120                addi_ret
                0x0000000000010124                slti_ret
                0x0000000000010128                xori_ret
                0x000000000001012c                ori_ret
                0x0000000000010130                andi_ret
                0x0000000000010134                slli_ret
                0x0000000000010138                srli_ret
                0x000000000001013c                srai_ret
                0x0000000000010140                add_ret
                0x0000000000010144                sub_ret
                0x0000000000010148                sll_ret
                0x000000000001014c                slt_ret
                0x0000000000010150                xor_ret
                0x0000000000010154                srl_ret
                0x0000000000010158                sra_ret
                0x000000000001015c                or_ret
                0x0000000000010160                and_ret
                0x0000000000010164                mulh_ret
                0x0000000000010168                mulhsu_ret
                0x000000000001016c                mulhu_ret
                0x0000000000010170                mul_ret
                0x0000000000010174                div_ret
                0x0000000000010178                divu_ret
                0x000000000001017c                rem_ret
                0x0000000000010180                remu_ret
                0x0000000000010184                simple_ret
 .text          0x00000000000101cc      0x578 rv32ui/or.o
                0x00000000000101cc                or
 .text          0x0000000000010744      0x574 rv32ui/xor.o
                0x0000000000010744                xor
 .text          0x0000000000010cb8      0x620 rv32ui/sll.o
                0x0000000000010cb8                sll
 .text          0x00000000000112d8      0x320 rv32ui/lh.o
                0x00000000000112d8                lh
 .text          0x00000000000115f8      0x3d4 rv32ui/bge.o
                0x00000000000115f8                bge
 .text          0x00000000000119cc      0x370 rv32ui/srai.o
                0x00000000000119cc                srai
 .text          0x0000000000011d3c      0x174 rv32ui/sdram.o
                0x0000000000011d3c                sdram
 .text          0x0000000000011eb0      0x574 rv32ui/sub.o
                0x0000000000011eb0                sub
 .text          0x0000000000012424      0x57c rv32ui/mul.o
                0x0000000000012424                mul
 .text          0x00000000000129a0      0x538 rv32ui/sw.o
                0x00000000000129a0                sw
 .text          0x0000000000012ed8      0x374 rv32ui/beq.o
                0x0000000000012ed8                beq
 .text          0x000000000001324c      0x198 rv32ui/divu.o
                0x000000000001324c                divu
 .text          0x00000000000133e4      0x650 rv32ui/sra.o
                0x00000000000133e4                sra
 .text          0x0000000000013a34      0x36c rv32ui/srli.o
                0x0000000000013a34                srli
 .text          0x0000000000013da0      0x340 rv32ui/lw.o
                0x0000000000013da0                lw
 .text          0x00000000000140e0      0x190 rv32ui/div.o
                0x00000000000140e0                div
 .text          0x0000000000014270      0x100 rv32ui/auipc.o
                0x0000000000014270                auipc
 .text          0x0000000000014370      0x340 rv32ui/addi.o
                0x0000000000014370                addi
 .text          0x00000000000146b0      0x1b8 rv32ui/jalr.o
                0x00000000000146b0                jalr
 .text          0x0000000000014868      0x378 rv32ui/bne.o
                0x0000000000014868                bne
 .text          0x0000000000014be0      0x40c rv32ui/bgeu.o
                0x0000000000014be0                bgeu
 .text          0x0000000000014fec      0x580 rv32ui/mulhu.o
                0x0000000000014fec                mulhu
 .text          0x000000000001556c      0x32c rv32ui/slti.o
                0x000000000001556c                slti
 .text          0x0000000000015898      0x190 rv32ui/rem.o
                0x0000000000015898                rem
 .text          0x0000000000015a28      0x57c rv32ui/slt.o
                0x0000000000015a28                slt
 .text          0x0000000000015fa4      0x300 rv32ui/lbu.o
                0x0000000000015fa4                lbu
 .text          0x00000000000162a4      0x300 rv32ui/lb.o
                0x00000000000162a4                lb
 .text          0x00000000000165a4      0x52c rv32ui/sh.o
                0x00000000000165a4                sh
 .text          0x0000000000016ad0      0x114 rv32ui/lui.o
                0x0000000000016ad0                lui
 .text          0x0000000000016be4      0x4a8 rv32ui/sb.o
                0x0000000000016be4                sb
 .text          0x000000000001708c      0x3ac rv32ui/bltu.o
                0x000000000001708c                bltu
 .text          0x0000000000017438      0x194 rv32ui/remu.o
                0x0000000000017438                remu
 .text          0x00000000000175cc       0x74 rv32ui/simple.o
                0x00000000000175cc                simple
 .text          0x0000000000017640      0x33c rv32ui/slli.o
                0x0000000000017640                slli
 .text          0x000000000001797c      0x56c rv32ui/and.o
                0x000000000001797c                and
 .text          0x0000000000017ee8      0x290 rv32ui/ori.o
                0x0000000000017ee8                ori
 .text          0x0000000000018178      0x334 rv32ui/lhu.o
                0x0000000000018178                lhu
 .text          0x00000000000184ac      0x670 rv32ui/srl.o
                0x00000000000184ac                srl
 .text          0x0000000000018b1c      0x10c rv32ui/jal.o
                0x0000000000018b1c                jal
 .text          0x0000000000018c28      0x594 rv32ui/add.o
                0x0000000000018c28                add
 .text          0x00000000000191bc      0x278 rv32ui/andi.o
                0x00000000000191bc                andi
 .text          0x0000000000019434       0xf0 rv32ui/j.o
                0x0000000000019434                j
 .text          0x0000000000019524      0x29c rv32ui/xori.o
                0x0000000000019524                xori
 .text          0x00000000000197c0      0x374 rv32ui/blt.o
                0x00000000000197c0                blt
 .text          0x0000000000019b34      0x580 rv32ui/mulh.o
                0x0000000000019b34                mulh
 .text          0x000000000001a0b4      0x580 rv32ui/mulhsu.o
                0x000000000001a0b4                mulhsu
 *(.text*)
 *(.rodata)
 *(.rodata*)
 *(.srodata)
 *(.srodata*)
                0x000000000001a634                . = ALIGN (0x4)
                0x000000000001a634                _etext = .
                0x000000000001a634                _sidata = _etext

.rela.dyn       0x000000000001a634        0x0
 .rela.text     0x000000000001a634        0x0 firmware/start.o

.data           0x0000000080000000       0x70 load address 0x000000000001a634
                0x0000000080000000                . = ALIGN (0x4)
                0x0000000080000000                _sdata = .
                0x0000000080000000                _ram_start = .
                0x0000000080000000                . = ALIGN (0x4)
 *(.data)
 .data          0x0000000080000000        0x0 firmware/start.o
 .data          0x0000000080000000        0x0 rv32ui/or.o
 .data          0x0000000080000000        0x0 rv32ui/xor.o
 .data          0x0000000080000000        0x0 rv32ui/sll.o
 .data          0x0000000080000000        0x8 rv32ui/lh.o
 .data          0x0000000080000008        0x0 rv32ui/bge.o
 .data          0x0000000080000008        0x0 rv32ui/srai.o
 .data          0x0000000080000008        0x0 rv32ui/sdram.o
 .data          0x0000000080000008        0x0 rv32ui/sub.o
 .data          0x0000000080000008        0x0 rv32ui/mul.o
 .data          0x0000000080000008       0x28 rv32ui/sw.o
 .data          0x0000000080000030        0x0 rv32ui/beq.o
 .data          0x0000000080000030        0x0 rv32ui/divu.o
 .data          0x0000000080000030        0x0 rv32ui/sra.o
 .data          0x0000000080000030        0x0 rv32ui/srli.o
 .data          0x0000000080000030       0x10 rv32ui/lw.o
 .data          0x0000000080000040        0x0 rv32ui/div.o
 .data          0x0000000080000040        0x0 rv32ui/auipc.o
 .data          0x0000000080000040        0x0 rv32ui/addi.o
 .data          0x0000000080000040        0x0 rv32ui/jalr.o
 .data          0x0000000080000040        0x0 rv32ui/bne.o
 .data          0x0000000080000040        0x0 rv32ui/bgeu.o
 .data          0x0000000080000040        0x0 rv32ui/mulhu.o
 .data          0x0000000080000040        0x0 rv32ui/slti.o
 .data          0x0000000080000040        0x0 rv32ui/rem.o
 .data          0x0000000080000040        0x0 rv32ui/slt.o
 .data          0x0000000080000040        0x4 rv32ui/lbu.o
 .data          0x0000000080000044        0x4 rv32ui/lb.o
 .data          0x0000000080000048       0x14 rv32ui/sh.o
 .data          0x000000008000005c        0x0 rv32ui/lui.o
 .data          0x000000008000005c        0xa rv32ui/sb.o
 *fill*         0x0000000080000066        0x2 
 .data          0x0000000080000068        0x0 rv32ui/bltu.o
 .data          0x0000000080000068        0x0 rv32ui/remu.o
 .data          0x0000000080000068        0x0 rv32ui/simple.o
 .data          0x0000000080000068        0x0 rv32ui/slli.o
 .data          0x0000000080000068        0x0 rv32ui/and.o
 .data          0x0000000080000068        0x0 rv32ui/ori.o
 .data          0x0000000080000068        0x8 rv32ui/lhu.o
 .data          0x0000000080000070        0x0 rv32ui/srl.o
 .data          0x0000000080000070        0x0 rv32ui/jal.o
 .data          0x0000000080000070        0x0 rv32ui/add.o
 .data          0x0000000080000070        0x0 rv32ui/andi.o
 .data          0x0000000080000070        0x0 rv32ui/j.o
 .data          0x0000000080000070        0x0 rv32ui/xori.o
 .data          0x0000000080000070        0x0 rv32ui/blt.o
 .data          0x0000000080000070        0x0 rv32ui/mulh.o
 .data          0x0000000080000070        0x0 rv32ui/mulhsu.o
 *(.data*)
 *(.sdata)
 *(.sdata*)
                0x0000000080000070                . = ALIGN (0x4)
                0x0000000080000070                _edata = .

.bss            0x0000000080000070        0x0 load address 0x000000000001a6a4
                0x0000000080000070                . = ALIGN (0x4)
                0x0000000080000070                _sbss = .
 *(.bss)
 .bss           0x0000000080000070        0x0 firmware/start.o
 .bss           0x0000000080000070        0x0 rv32ui/or.o
 .bss           0x0000000080000070        0x0 rv32ui/xor.o
 .bss           0x0000000080000070        0x0 rv32ui/sll.o
 .bss           0x0000000080000070        0x0 rv32ui/lh.o
 .bss           0x0000000080000070        0x0 rv32ui/bge.o
 .bss           0x0000000080000070        0x0 rv32ui/srai.o
 .bss           0x0000000080000070        0x0 rv32ui/sdram.o
 .bss           0x0000000080000070        0x0 rv32ui/sub.o
 .bss           0x0000000080000070        0x0 rv32ui/mul.o
 .bss           0x0000000080000070        0x0 rv32ui/sw.o
 .bss           0x0000000080000070        0x0 rv32ui/beq.o
 .bss           0x0000000080000070        0x0 rv32ui/divu.o
 .bss           0x0000000080000070        0x0 rv32ui/sra.o
 .bss           0x0000000080000070        0x0 rv32ui/srli.o
 .bss           0x0000000080000070        0x0 rv32ui/lw.o
 .bss           0x0000000080000070        0x0 rv32ui/div.o
 .bss           0x0000000080000070        0x0 rv32ui/auipc.o
 .bss           0x0000000080000070        0x0 rv32ui/addi.o
 .bss           0x0000000080000070        0x0 rv32ui/jalr.o
 .bss           0x0000000080000070        0x0 rv32ui/bne.o
 .bss           0x0000000080000070        0x0 rv32ui/bgeu.o
 .bss           0x0000000080000070        0x0 rv32ui/mulhu.o
 .bss           0x0000000080000070        0x0 rv32ui/slti.o
 .bss           0x0000000080000070        0x0 rv32ui/rem.o
 .bss           0x0000000080000070        0x0 rv32ui/slt.o
 .bss           0x0000000080000070        0x0 rv32ui/lbu.o
 .bss           0x0000000080000070        0x0 rv32ui/lb.o
 .bss           0x0000000080000070        0x0 rv32ui/sh.o
 .bss           0x0000000080000070        0x0 rv32ui/lui.o
 .bss           0x0000000080000070        0x0 rv32ui/sb.o
 .bss           0x0000000080000070        0x0 rv32ui/bltu.o
 .bss           0x0000000080000070        0x0 rv32ui/remu.o
 .bss           0x0000000080000070        0x0 rv32ui/simple.o
 .bss           0x0000000080000070        0x0 rv32ui/slli.o
 .bss           0x0000000080000070        0x0 rv32ui/and.o
 .bss           0x0000000080000070        0x0 rv32ui/ori.o
 .bss           0x0000000080000070        0x0 rv32ui/lhu.o
 .bss           0x0000000080000070        0x0 rv32ui/srl.o
 .bss           0x0000000080000070        0x0 rv32ui/jal.o
 .bss           0x0000000080000070        0x0 rv32ui/add.o
 .bss           0x0000000080000070        0x0 rv32ui/andi.o
 .bss           0x0000000080000070        0x0 rv32ui/j.o
 .bss           0x0000000080000070        0x0 rv32ui/xori.o
 .bss           0x0000000080000070        0x0 rv32ui/blt.o
 .bss           0x0000000080000070        0x0 rv32ui/mulh.o
 .bss           0x0000000080000070        0x0 rv32ui/mulhsu.o
 *(.bss*)
 *(.sbss)
 *(.sbss*)
 *(COMMON)
                0x0000000080000070                . = ALIGN (0x4)
                0x0000000080000070                _ebss = .

.heap           0x0000000080000070        0x0
                0x0000000080000070                . = ALIGN (0x4)
                0x0000000080000070                _heap_start = .
LOAD firmware/start.o
LOAD rv32ui/or.o
LOAD rv32ui/xor.o
LOAD rv32ui/sll.o
LOAD rv32ui/lh.o
LOAD rv32ui/bge.o
LOAD rv32ui/srai.o
LOAD rv32ui/sdram.o
LOAD rv32ui/sub.o
LOAD rv32ui/mul.o
LOAD rv32ui/sw.o
LOAD rv32ui/beq.o
LOAD rv32ui/divu.o
LOAD rv32ui/sra.o
LOAD rv32ui/srli.o
LOAD rv32ui/lw.o
LOAD rv32ui/div.o
LOAD rv32ui/auipc.o
LOAD rv32ui/addi.o
LOAD rv32ui/jalr.o
LOAD rv32ui/bne.o
LOAD rv32ui/bgeu.o
LOAD rv32ui/mulhu.o
LOAD rv32ui/slti.o
LOAD rv32ui/rem.o
LOAD rv32ui/slt.o
LOAD rv32ui/lbu.o
LOAD rv32ui/lb.o
LOAD rv32ui/sh.o
LOAD rv32ui/lui.o
LOAD rv32ui/sb.o
LOAD rv32ui/bltu.o
LOAD rv32ui/remu.o
LOAD rv32ui/simple.o
LOAD rv32ui/slli.o
LOAD rv32ui/and.o
LOAD rv32ui/ori.o
LOAD rv32ui/lhu.o
LOAD rv32ui/srl.o
LOAD rv32ui/jal.o
LOAD rv32ui/add.o
LOAD rv32ui/andi.o
LOAD rv32ui/j.o
LOAD rv32ui/xori.o
LOAD rv32ui/blt.o
LOAD rv32ui/mulh.o
LOAD rv32ui/mulhsu.o
LOAD /opt/riscv32ima/bin/../lib/gcc/riscv32-unknown-elf/9.2.0/libgcc.a
OUTPUT(firmware/rv32ui elf32-littleriscv)

.riscv.attributes
                0x0000000000000000       0x24
 .riscv.attributes
                0x0000000000000000       0x24 firmware/start.o
 .riscv.attributes
                0x0000000000000024       0x24 rv32ui/or.o
 .riscv.attributes
                0x0000000000000048       0x24 rv32ui/xor.o
 .riscv.attributes
                0x000000000000006c       0x24 rv32ui/sll.o
 .riscv.attributes
                0x0000000000000090       0x24 rv32ui/lh.o
 .riscv.attributes
                0x00000000000000b4       0x24 rv32ui/bge.o
 .riscv.attributes
                0x00000000000000d8       0x24 rv32ui/srai.o
 .riscv.attributes
                0x00000000000000fc       0x24 rv32ui/sdram.o
 .riscv.attributes
                0x0000000000000120       0x24 rv32ui/sub.o
 .riscv.attributes
                0x0000000000000144       0x24 rv32ui/mul.o
 .riscv.attributes
                0x0000000000000168       0x24 rv32ui/sw.o
 .riscv.attributes
                0x000000000000018c       0x24 rv32ui/beq.o
 .riscv.attributes
                0x00000000000001b0       0x24 rv32ui/divu.o
 .riscv.attributes
                0x00000000000001d4       0x24 rv32ui/sra.o
 .riscv.attributes
                0x00000000000001f8       0x24 rv32ui/srli.o
 .riscv.attributes
                0x000000000000021c       0x24 rv32ui/lw.o
 .riscv.attributes
                0x0000000000000240       0x24 rv32ui/div.o
 .riscv.attributes
                0x0000000000000264       0x24 rv32ui/auipc.o
 .riscv.attributes
                0x0000000000000288       0x24 rv32ui/addi.o
 .riscv.attributes
                0x00000000000002ac       0x24 rv32ui/jalr.o
 .riscv.attributes
                0x00000000000002d0       0x24 rv32ui/bne.o
 .riscv.attributes
                0x00000000000002f4       0x24 rv32ui/bgeu.o
 .riscv.attributes
                0x0000000000000318       0x24 rv32ui/mulhu.o
 .riscv.attributes
                0x000000000000033c       0x24 rv32ui/slti.o
 .riscv.attributes
                0x0000000000000360       0x24 rv32ui/rem.o
 .riscv.attributes
                0x0000000000000384       0x24 rv32ui/slt.o
 .riscv.attributes
                0x00000000000003a8       0x24 rv32ui/lbu.o
 .riscv.attributes
                0x00000000000003cc       0x24 rv32ui/lb.o
 .riscv.attributes
                0x00000000000003f0       0x24 rv32ui/sh.o
 .riscv.attributes
                0x0000000000000414       0x24 rv32ui/lui.o
 .riscv.attributes
                0x0000000000000438       0x24 rv32ui/sb.o
 .riscv.attributes
                0x000000000000045c       0x24 rv32ui/bltu.o
 .riscv.attributes
                0x0000000000000480       0x24 rv32ui/remu.o
 .riscv.attributes
                0x00000000000004a4       0x24 rv32ui/simple.o
 .riscv.attributes
                0x00000000000004c8       0x24 rv32ui/slli.o
 .riscv.attributes
                0x00000000000004ec       0x24 rv32ui/and.o
 .riscv.attributes
                0x0000000000000510       0x24 rv32ui/ori.o
 .riscv.attributes
                0x0000000000000534       0x24 rv32ui/lhu.o
 .riscv.attributes
                0x0000000000000558       0x24 rv32ui/srl.o
 .riscv.attributes
                0x000000000000057c       0x24 rv32ui/jal.o
 .riscv.attributes
                0x00000000000005a0       0x24 rv32ui/add.o
 .riscv.attributes
                0x00000000000005c4       0x24 rv32ui/andi.o
 .riscv.attributes
                0x00000000000005e8       0x24 rv32ui/j.o
 .riscv.attributes
                0x000000000000060c       0x24 rv32ui/xori.o
 .riscv.attributes
                0x0000000000000630       0x24 rv32ui/blt.o
 .riscv.attributes
                0x0000000000000654       0x24 rv32ui/mulh.o
 .riscv.attributes
                0x0000000000000678       0x24 rv32ui/mulhsu.o
